[2026-08-01 16:44:32] Starting relatorio_24h
/Users/joao/Library/Python/3.9/lib/python/site-packages/urllib3/__init__.py:35: NotOpenSSLWarning: urllib3 v2 only supports OpenSSL 1.1.1+, currently the 'ssl' module is compiled with 'LibreSSL 2.8.3'. See: https://github.com/urllib3/urllib3/issues/3020
  warnings.warn(
--- Mensagem WhatsApp - Relatório de 31/07/2026 ---
*📊 Relatório de 31/07/2026 📊*
*Resumo Geral:*
💰 Valor Total: R$ 489,00
🎁 Prêmios Liberados: 12 unidades
💸 Receita/Prêmio: R$ 40,75

*Detalhes por Máquina:*
🤖 *Casa Nobre - Sertania*
  💰 Total: R$ 36,00
  🎁 Prêmios: 2
  💸 Receita/Prêmio: R$ 18,00

🤖 *Lan House - Custódia*
  💰 Total: R$ 2,00
  🎁 Prêmios: 2
  💸 Receita/Prêmio: R$ 1,00

🤖 *Pau Brasil - Custódia*
  💰 Total: R$ 98,00
  🎁 Prêmios: 2
  💸 Receita/Prêmio: R$ 49,00

🤖 *Posto Iguaracy*
  💰 Total: R$ 80,00
  🎁 Prêmios: 0
  💸 Receita/Prêmio: R$ 0,00

🤖 *Praça do Sabor - Custodia*
  💰 Total: R$ 130,00
  🎁 Prêmios: 2
  💸 Receita/Prêmio: R$ 65,00

🤖 *Preta - Posto Monteiro*
  💰 Total: R$ 34,00
  🎁 Prêmios: 1
  💸 Receita/Prêmio: R$ 34,00

🤖 *Sem Loja*
  💰 Total: R$ 44,00
  🎁 Prêmios: 2
  💸 Receita/Prêmio: R$ 22,00

🤖 *Simpsons - Espaço Villa Maravilha*
  💰 Total: R$ 63,00
  🎁 Prêmios: 1
  💸 Receita/Prêmio: R$ 63,00

🤖 *Time - BR Arena Monteiro*
  💰 Total: R$ 2,00
  🎁 Prêmios: 0
  💸 Receita/Prêmio: R$ 0,00

Mensagem WhatsApp enviada com sucesso.
[2026-09-17 09:02:56] Starting relatorio_24h
/Users/joao/Library/Python/3.9/lib/python/site-packages/urllib3/__init__.py:35: NotOpenSSLWarning: urllib3 v2 only supports OpenSSL 1.1.1+, currently the 'ssl' module is compiled with 'LibreSSL 2.8.3'. See: https://github.com/urllib3/urllib3/issues/3020
  warnings.warn(
--- Mensagem WhatsApp - Relatório de 16/09/2026 ---
*📊 Relatório de 16/09/2026 📊*
*Resumo Geral:*
💰 Valor Total: R$ 191,00
🎁 Prêmios Liberados: 3 unidades
💸 Receita/Prêmio: R$ 63,67

*Detalhes por Máquina:*
🤖 *Casa Nobre - Sertania*
  💰 Total: R$ 10,00
  🎁 Prêmios: 0
  💸 Receita/Prêmio: R$ 0,00

🤖 *Menininho*
  💰 Total: R$ 54,00
  🎁 Prêmios: 1
  💸 Receita/Prêmio: R$ 54,00

🤖 *Posto Iguaracy*
  💰 Total: R$ 20,00
  🎁 Prêmios: 0
  💸 Receita/Prêmio: R$ 0,00

🤖 *Praça do Sabor - Custodia*
  💰 Total: R$ 28,00
  🎁 Prêmios: 0
  💸 Receita/Prêmio: R$ 0,00

🤖 *Preta - Posto Monteiro*
  💰 Total: R$ 24,00
  🎁 Prêmios: 1
  💸 Receita/Prêmio: R$ 24,00

🤖 *Simpsons - Espaço Villa Maravilha*
  💰 Total: R$ 0,00
  🎁 Prêmios: 0
  💸 Receita/Prêmio: R$ 0,00

🤖 *Time - BR Arena Monteiro*
  💰 Total: R$ 55,00
  🎁 Prêmios: 1
  💸 Receita/Prêmio: R$ 55,00

Mensagem WhatsApp enviada com sucesso.
[2026-09-17 09:04:16] Starting relatorio_24h
/Users/joao/Library/Python/3.9/lib/python/site-packages/urllib3/__init__.py:35: NotOpenSSLWarning: urllib3 v2 only supports OpenSSL 1.1.1+, currently the 'ssl' module is compiled with 'LibreSSL 2.8.3'. See: https://github.com/urllib3/urllib3/issues/3020
  warnings.warn(
--- Mensagem WhatsApp - Relatório de 16/09/2026 ---
*📊 Relatório de 16/09/2026 📊*
*Resumo Geral:*
💰 Valor Total: R$ 191,00
🎁 Prêmios Liberados: 3 unidades
💸 Receita/Prêmio: R$ 63,67

*Detalhes por Máquina:*
🤖 *Casa Nobre - Sertania*
  💰 Total: R$ 10,00
  🎁 Prêmios: 0
  💸 Receita/Prêmio: R$ 0,00

🤖 *Menininho*
  💰 Total: R$ 54,00
  🎁 Prêmios: 1
  💸 Receita/Prêmio: R$ 54,00

🤖 *Posto Iguaracy*
  💰 Total: R$ 20,00
  🎁 Prêmios: 0
  💸 Receita/Prêmio: R$ 0,00

🤖 *Praça do Sabor - Custodia*
  💰 Total: R$ 28,00
  🎁 Prêmios: 0
  💸 Receita/Prêmio: R$ 0,00

🤖 *Preta - Posto Monteiro*
  💰 Total: R$ 24,00
  🎁 Prêmios: 1
  💸 Receita/Prêmio: R$ 24,00

🤖 *Simpsons - Espaço Villa Maravilha*
  💰 Total: R$ 0,00
  🎁 Prêmios: 0
  💸 Receita/Prêmio: R$ 0,00

🤖 *Time - BR Arena Monteiro*
  💰 Total: R$ 55,00
  🎁 Prêmios: 1
  💸 Receita/Prêmio: R$ 55,00

Mensagem WhatsApp enviada com sucesso.
